// Vitest Snapshot v1, https://vitest.dev/guide/snapshot.html

exports[`renders demo correctly 1`] = `
<div>
  <div>
    <div noallow="" role="button" tabindex="0" class="van-cell van-cell--clickable van-cell--center">
      <div vusion-slot-name="title" vusion-slot-name-edit="title" class="van-cell__title">组件调用</div><i class="van-icon van-icon-arrow van-cell__right-icon">
        <!----></i>
    </div>
    <!---->
  </div>
</div>
`;
