// Vitest Snapshot v1, https://vitest.dev/guide/snapshot.html

exports[`u-region-select > should render popper basic 1`] = `
<transition-stub
  class="popperShape"
  data-popper-escaped=""
  data-popper-placement="bottom-start"
  data-popper-reference-hidden=""
  name="fade"
  style="position: absolute; left: 0px; top: 0px; margin: 0px; transform: translate(0px, 4px);"
>
  <div
    class="root"
    style=""
  >
    <div
      class="root scrollShape"
      color="light"
      style="display: inline-block;"
    >
      <div
        class="wrap"
      >
        <div
          class="view"
        >
          <nav
            class="root umenuShape"
          />
        </div>
      </div>
      <div
        class="root"
        direction="horizontal"
      >
        <div
          class="thumb"
          style="width: 0px; transform: translateX(0%); webkit-transform: translateX(0%);"
        />
      </div>
      <div
        class="root"
        direction="vertical"
      >
        <div
          class="thumb"
          style="height: 0px; transform: translateY(0%); webkit-transform: translateY(0%);"
        />
      </div>
    </div>
  </div>
</transition-stub>
`;
