// Vitest Snapshot v1, https://vitest.dev/guide/snapshot.html

exports[`renders demo correctly 1`] = `
<div>
  <div>
    <div noallow="" role="button" tabindex="0" class="van-cell van-cell--clickable van-cell--center">
      <div vusion-slot-name="title" vusion-slot-name-edit="title" class="van-cell__title">文字提示</div><i class="van-icon van-icon-arrow van-cell__right-icon">
        <!----></i>
    </div>
    <div noallow="" role="button" tabindex="0" class="van-cell van-cell--clickable van-cell--center">
      <div vusion-slot-name="title" vusion-slot-name-edit="title" class="van-cell__title">加载提示</div><i class="van-icon van-icon-arrow van-cell__right-icon">
        <!----></i>
    </div>
    <div noallow="" role="button" tabindex="0" class="van-cell van-cell--clickable van-cell--center">
      <div vusion-slot-name="title" vusion-slot-name-edit="title" class="van-cell__title">成功提示</div><i class="van-icon van-icon-arrow van-cell__right-icon">
        <!----></i>
    </div>
    <div noallow="" role="button" tabindex="0" class="van-cell van-cell--clickable van-cell--center">
      <div vusion-slot-name="title" vusion-slot-name-edit="title" class="van-cell__title">失败提示</div><i class="van-icon van-icon-arrow van-cell__right-icon">
        <!----></i>
    </div>
  </div>
  <div>
    <div noallow="" role="button" tabindex="0" class="van-cell van-cell--clickable van-cell--center">
      <div vusion-slot-name="title" vusion-slot-name-edit="title" class="van-cell__title">自定义图标</div><i class="van-icon van-icon-arrow van-cell__right-icon">
        <!----></i>
    </div>
    <div noallow="" role="button" tabindex="0" class="van-cell van-cell--clickable van-cell--center">
      <div vusion-slot-name="title" vusion-slot-name-edit="title" class="van-cell__title">自定义图片</div><i class="van-icon van-icon-arrow van-cell__right-icon">
        <!----></i>
    </div>
    <div noallow="" role="button" tabindex="0" class="van-cell van-cell--clickable van-cell--center">
      <div vusion-slot-name="title" vusion-slot-name-edit="title" class="van-cell__title">自定义加载图标</div><i class="van-icon van-icon-arrow van-cell__right-icon">
        <!----></i>
    </div>
  </div>
  <div>
    <div noallow="" role="button" tabindex="0" class="van-cell van-cell--clickable van-cell--center">
      <div vusion-slot-name="title" vusion-slot-name-edit="title" class="van-cell__title">顶部展示</div><i class="van-icon van-icon-arrow van-cell__right-icon">
        <!----></i>
    </div>
    <div noallow="" role="button" tabindex="0" class="van-cell van-cell--clickable van-cell--center">
      <div vusion-slot-name="title" vusion-slot-name-edit="title" class="van-cell__title">底部展示</div><i class="van-icon van-icon-arrow van-cell__right-icon">
        <!----></i>
    </div>
  </div>
  <div>
    <div noallow="" role="button" tabindex="0" class="van-cell van-cell--clickable van-cell--center">
      <div vusion-slot-name="title" vusion-slot-name-edit="title" class="van-cell__title">动态更新提示</div><i class="van-icon van-icon-arrow van-cell__right-icon">
        <!----></i>
    </div>
  </div>
  <div>
    <!----><button class="van-button van-button--default van-button--normal van-button--square">
      <div class="van-button__content"><span class="van-button__text">打开toast</span></div>
    </button><button class="van-button van-button--default van-button--normal van-button--square">
      <div class="van-button__content"><span class="van-button__text">关闭toast</span></div>
    </button>
    <!----><button class="van-button van-button--default van-button--normal van-button--square">
      <div class="van-button__content"><span class="van-button__text">打开toast</span></div>
    </button><button class="van-button van-button--default van-button--normal van-button--square">
      <div class="van-button__content"><span class="van-button__text">关闭toast</span></div>
    </button>
  </div>
</div>
`;
