// Vitest Snapshot v1, https://vitest.dev/guide/snapshot.html

exports[`renders demo correctly 1`] = `
<div>
  <div>
    <div>value: 320600</div>
    <div vusion-click-enabled="true" class="van-area__wrappparea">
      <div label-layout="inline" noallow="" class="van-cellson van-cellson--center van-cellson--insel van-field">
        <div class="van-cellson__title van-field__label"><span>地区选择</span></div>
        <div class="van-cellson__value van-field__value">
          <div class="van-field__body"><input type="text" readonly="readonly" class="van-field__control van-field__control--right"></div>
        </div>
      </div>
    </div>
  </div>
  <div>
    <div>value: 浙江省/杭州市/西湖区</div>
    <div vusion-click-enabled="true" class="van-area__wrappparea">
      <div label-layout="inline" noallow="" class="van-cellson van-cellson--center van-cellson--insel van-field">
        <div class="van-cellson__title van-field__label"><span>地区名称</span></div>
        <div class="van-cellson__value van-field__value">
          <div class="van-field__body"><input type="text" readonly="readonly" class="van-field__control van-field__control--right"></div>
        </div>
      </div>
    </div>
  </div>
  <div>
    <div vusion-click-enabled="true" class="van-area__wrappparea">
      <div label-layout="inline" noallow="" class="van-cellson van-cellson--center van-cellson--insel van-field">
        <div vusion-slot-name="title" class="van-cellson__title van-field__label van-field__labelhasslots">标题</div>
        <div class="van-cellson__value van-field__value">
          <div class="van-field__body"><input type="text" readonly="readonly" class="van-field__control van-field__control--right"></div>
        </div>
      </div>
    </div>
  </div>
  <div>
    <div vusion-click-enabled="true" class="van-area__wrappparea">
      <div label-layout="inline" noallow="" class="van-cellson van-cellson--center van-cellson--insel van-field van-field--disabled">
        <div vusion-slot-name="title" class="van-cellson__title van-field__label van-field__labelhasslots">标题</div>
        <div class="van-cellson__value van-field__value">
          <div class="van-field__body"><input type="text" disabled="disabled" readonly="readonly" class="van-field__control van-field__control--right"></div>
        </div>
      </div>
    </div>
  </div>
</div>
`;
