// Vitest Snapshot v1, https://vitest.dev/guide/snapshot.html

exports[`u-table-view.vue lazy-load test > should lazy load 1`] = `
<div class="root">
  <div class="table" position="static">
    <div class="head">
      <table class="root head-table" sticky-fixed="true">
        <colgroup>
          <col width>
          <col width>
          <col>
          <col width>
        </colgroup>
        <thead>
          <tr>
            <th class="head-title boldHeader">
              <span class="column-title" vusion-slot-name="title" vusion-slot-name-edit="title"> 用户名 </span>
            </th>
            <th class="head-title boldHeader">
              <span class="column-title" vusion-slot-name="title" vusion-slot-name-edit="title"> 手机号码 </span>
            </th>
            <th class="head-title boldHeader">
              <span class="column-title" vusion-slot-name="title" vusion-slot-name-edit="title"> 地址 </span>
            </th>
            <th class="head-title boldHeader">
              <span class="column-title" vusion-slot-name="title" vusion-slot-name-edit="title"> 最近登录时间 </span>
            </th>
          </tr>
        </thead>
      </table>
    </div>
    <div class="headPlaceholder"></div>
    <div class="body" sticky-fixed="true">
      <div class="root scrollcview">
        <div class="wrap">
          <div class="view">
            <table class="root body-table" sticky-fixed="true">
              <colgroup>
                <col width>
                <col width>
                <col>
                <col width>
              </colgroup>
              <tbody>
                <tr class="row">
                  <td style="height: 48px;"></td>
                </tr>
                <tr class="row">
                  <td style="height: 48px;"></td>
                </tr>
                <tr class="row">
                  <td style="height: 48px;"></td>
                </tr>
                <tr class="row">
                  <td style="height: 48px;"></td>
                </tr>
                <tr class="row">
                  <td style="height: 48px;"></td>
                </tr>
                <tr class="row">
                  <td style="height: 48px;"></td>
                </tr>
                <tr class="row">
                  <td style="height: 48px;"></td>
                </tr>
                <tr class="row">
                  <td style="height: 48px;"></td>
                </tr>
                <tr class="row">
                  <td style="height: 48px;"></td>
                </tr>
                <tr class="row">
                  <td style="height: 48px;"></td>
                </tr>
                <tr class="row">
                  <td style="height: 48px;"></td>
                </tr>
                <tr class="row">
                  <td style="height: 48px;"></td>
                </tr>
                <tr class="row">
                  <td style="height: 48px;"></td>
                </tr>
                <tr class="row">
                  <td style="height: 48px;"></td>
                </tr>
                <tr class="row">
                  <td style="height: 48px;"></td>
                </tr>
                <tr class="row">
                  <td style="height: 48px;"></td>
                </tr>
                <tr class="row">
                  <td style="height: 48px;"></td>
                </tr>
                <tr class="row">
                  <td style="height: 48px;"></td>
                </tr>
                <tr class="row">
                  <td style="height: 48px;"></td>
                </tr>
                <tr class="row">
                  <td style="height: 48px;"></td>
                </tr>
                <tr class="row">
                  <td style="height: 48px;"></td>
                </tr>
                <tr class="row">
                  <td style="height: 48px;"></td>
                </tr>
                <tr class="row">
                  <td style="height: 48px;"></td>
                </tr>
                <tr class="row">
                  <td style="height: 48px;"></td>
                </tr>
                <tr class="row">
                  <td style="height: 48px;"></td>
                </tr>
                <tr class="row">
                  <td style="height: 48px;"></td>
                </tr>
                <tr class="row">
                  <td style="height: 48px;"></td>
                </tr>
                <tr class="row">
                  <td style="height: 48px;"></td>
                </tr>
                <tr class="row">
                  <td style="height: 48px;"></td>
                </tr>
                <tr class="row">
                  <td style="height: 48px;"></td>
                </tr>
                <tr class="row">
                  <td style="height: 48px;"></td>
                </tr>
                <tr class="row">
                  <td style="height: 48px;"></td>
                </tr>
                <tr class="row">
                  <td style="height: 48px;"></td>
                </tr>
                <tr class="row">
                  <td style="height: 48px;"></td>
                </tr>
                <tr class="row">
                  <td style="height: 48px;"></td>
                </tr>
                <tr class="row">
                  <td style="height: 48px;"></td>
                </tr>
                <tr class="row">
                  <td style="height: 48px;"></td>
                </tr>
                <tr class="row">
                  <td style="height: 48px;"></td>
                </tr>
                <tr class="row">
                  <td style="height: 48px;"></td>
                </tr>
                <tr class="row">
                  <td style="height: 48px;"></td>
                </tr>
                <tr class="row">
                  <td style="height: 48px;"></td>
                </tr>
                <tr class="row">
                  <td style="height: 48px;"></td>
                </tr>
                <tr class="row">
                  <td style="height: 48px;"></td>
                </tr>
                <tr class="row">
                  <td style="height: 48px;"></td>
                </tr>
                <tr class="row">
                  <td style="height: 48px;"></td>
                </tr>
                <tr class="row">
                  <td style="height: 48px;"></td>
                </tr>
                <tr class="row">
                  <td style="height: 48px;"></td>
                </tr>
                <tr class="row">
                  <td style="height: 48px;"></td>
                </tr>
                <tr class="row">
                  <td style="height: 48px;"></td>
                </tr>
                <tr class="row">
                  <td style="height: 48px;"></td>
                </tr>
                <tr class="row">
                  <td style="height: 48px;"></td>
                </tr>
                <tr class="row">
                  <td style="height: 48px;"></td>
                </tr>
                <tr class="row">
                  <td style="height: 48px;"></td>
                </tr>
                <tr class="row">
                  <td style="height: 48px;"></td>
                </tr>
                <tr class="row">
                  <td style="height: 48px;"></td>
                </tr>
                <tr class="row">
                  <td style="height: 48px;"></td>
                </tr>
                <tr class="row">
                  <td style="height: 48px;"></td>
                </tr>
                <tr class="row">
                  <td style="height: 48px;"></td>
                </tr>
                <tr class="row">
                  <td style="height: 48px;"></td>
                </tr>
                <tr class="row">
                  <td style="height: 48px;"></td>
                </tr>
                <tr class="row">
                  <td style="height: 48px;"></td>
                </tr>
                <tr class="row">
                  <td style="height: 48px;"></td>
                </tr>
                <tr class="row">
                  <td style="height: 48px;"></td>
                </tr>
                <tr class="row">
                  <td style="height: 48px;"></td>
                </tr>
                <tr class="row">
                  <td style="height: 48px;"></td>
                </tr>
                <tr class="row">
                  <td style="height: 48px;"></td>
                </tr>
                <tr class="row">
                  <td style="height: 48px;"></td>
                </tr>
                <tr class="row">
                  <td style="height: 48px;"></td>
                </tr>
                <tr class="row">
                  <td style="height: 48px;"></td>
                </tr>
                <tr class="row">
                  <td style="height: 48px;"></td>
                </tr>
                <tr class="row">
                  <td style="height: 48px;"></td>
                </tr>
                <tr class="row">
                  <td style="height: 48px;"></td>
                </tr>
                <tr class="row">
                  <td style="height: 48px;"></td>
                </tr>
                <tr class="row">
                  <td style="height: 48px;"></td>
                </tr>
                <tr class="row">
                  <td style="height: 48px;"></td>
                </tr>
                <tr class="row">
                  <td style="height: 48px;"></td>
                </tr>
                <tr class="row">
                  <td style="height: 48px;"></td>
                </tr>
                <tr class="row">
                  <td style="height: 48px;"></td>
                </tr>
                <tr class="row">
                  <td style="height: 48px;"></td>
                </tr>
                <tr class="row">
                  <td style="height: 48px;"></td>
                </tr>
                <tr class="row">
                  <td style="height: 48px;"></td>
                </tr>
                <tr class="row">
                  <td style="height: 48px;"></td>
                </tr>
                <tr class="row">
                  <td style="height: 48px;"></td>
                </tr>
                <tr class="row">
                  <td style="height: 48px;"></td>
                </tr>
                <tr class="row">
                  <td style="height: 48px;"></td>
                </tr>
                <tr class="row">
                  <td style="height: 48px;"></td>
                </tr>
                <tr class="row">
                  <td style="height: 48px;"></td>
                </tr>
                <tr class="row">
                  <td style="height: 48px;"></td>
                </tr>
                <tr class="row">
                  <td style="height: 48px;"></td>
                </tr>
                <tr class="row">
                  <td style="height: 48px;"></td>
                </tr>
                <tr class="row">
                  <td style="height: 48px;"></td>
                </tr>
                <tr class="row">
                  <td style="height: 48px;"></td>
                </tr>
                <tr class="row">
                  <td style="height: 48px;"></td>
                </tr>
                <tr class="row">
                  <td style="height: 48px;"></td>
                </tr>
                <tr class="row">
                  <td style="height: 48px;"></td>
                </tr>
                <tr class="row">
                  <td style="height: 48px;"></td>
                </tr>
                <tr class="row">
                  <td style="height: 48px;"></td>
                </tr>
                <tr class="row">
                  <td style="height: 48px;"></td>
                </tr>
                <tr class="row">
                  <td style="height: 48px;"></td>
                </tr>
                <tr class="row">
                  <td style="height: 48px;"></td>
                </tr>
                <tr class="row">
                  <td style="height: 48px;"></td>
                </tr>
                <tr class="row">
                  <td style="height: 48px;"></td>
                </tr>
                <tr class="row">
                  <td style="height: 48px;"></td>
                </tr>
                <tr class="row">
                  <td style="height: 48px;"></td>
                </tr>
                <tr class="row">
                  <td style="height: 48px;"></td>
                </tr>
                <tr class="row">
                  <td style="height: 48px;"></td>
                </tr>
                <tr class="row">
                  <td style="height: 48px;"></td>
                </tr>
                <tr class="row">
                  <td style="height: 48px;"></td>
                </tr>
                <tr class="row">
                  <td style="height: 48px;"></td>
                </tr>
                <tr class="row">
                  <td style="height: 48px;"></td>
                </tr>
                <tr class="row">
                  <td style="height: 48px;"></td>
                </tr>
                <tr class="row">
                  <td style="height: 48px;"></td>
                </tr>
                <tr class="row">
                  <td style="height: 48px;"></td>
                </tr>
                <tr class="row">
                  <td style="height: 48px;"></td>
                </tr>
                <tr class="row">
                  <td style="height: 48px;"></td>
                </tr>
                <tr class="row">
                  <td style="height: 48px;"></td>
                </tr>
                <tr class="row">
                  <td style="height: 48px;"></td>
                </tr>
                <tr class="row">
                  <td style="height: 48px;"></td>
                </tr>
                <tr class="row">
                  <td style="height: 48px;"></td>
                </tr>
                <tr class="row">
                  <td style="height: 48px;"></td>
                </tr>
                <tr class="row">
                  <td style="height: 48px;"></td>
                </tr>
                <tr class="row">
                  <td style="height: 48px;"></td>
                </tr>
                <tr class="row">
                  <td style="height: 48px;"></td>
                </tr>
                <tr class="row">
                  <td style="height: 48px;"></td>
                </tr>
                <tr class="row">
                  <td style="height: 48px;"></td>
                </tr>
                <tr class="row">
                  <td style="height: 48px;"></td>
                </tr>
                <tr class="row">
                  <td style="height: 48px;"></td>
                </tr>
                <tr class="row">
                  <td style="height: 48px;"></td>
                </tr>
                <tr class="row">
                  <td style="height: 48px;"></td>
                </tr>
                <tr class="row">
                  <td style="height: 48px;"></td>
                </tr>
                <tr class="row">
                  <td style="height: 48px;"></td>
                </tr>
                <tr class="row">
                  <td style="height: 48px;"></td>
                </tr>
                <tr class="row">
                  <td style="height: 48px;"></td>
                </tr>
                <tr class="row">
                  <td style="height: 48px;"></td>
                </tr>
                <tr class="row">
                  <td style="height: 48px;"></td>
                </tr>
                <tr class="row">
                  <td style="height: 48px;"></td>
                </tr>
                <tr class="row">
                  <td style="height: 48px;"></td>
                </tr>
                <tr class="row">
                  <td style="height: 48px;"></td>
                </tr>
                <tr class="row">
                  <td style="height: 48px;"></td>
                </tr>
                <tr class="row">
                  <td style="height: 48px;"></td>
                </tr>
                <tr class="row">
                  <td style="height: 48px;"></td>
                </tr>
                <tr class="row">
                  <td style="height: 48px;"></td>
                </tr>
                <tr class="row">
                  <td style="height: 48px;"></td>
                </tr>
                <tr class="row">
                  <td style="height: 48px;"></td>
                </tr>
                <tr class="row">
                  <td style="height: 48px;"></td>
                </tr>
                <tr class="row">
                  <td style="height: 48px;"></td>
                </tr>
                <tr class="row">
                  <td style="height: 48px;"></td>
                </tr>
                <tr class="row">
                  <td style="height: 48px;"></td>
                </tr>
                <tr class="row">
                  <td style="height: 48px;"></td>
                </tr>
                <tr class="row">
                  <td style="height: 48px;"></td>
                </tr>
                <tr class="row">
                  <td style="height: 48px;"></td>
                </tr>
                <tr class="row">
                  <td style="height: 48px;"></td>
                </tr>
                <tr class="row">
                  <td style="height: 48px;"></td>
                </tr>
                <tr class="row">
                  <td style="height: 48px;"></td>
                </tr>
                <tr class="row">
                  <td style="height: 48px;"></td>
                </tr>
                <tr class="row">
                  <td style="height: 48px;"></td>
                </tr>
                <tr class="row">
                  <td style="height: 48px;"></td>
                </tr>
                <tr class="row">
                  <td style="height: 48px;"></td>
                </tr>
                <tr class="row">
                  <td style="height: 48px;"></td>
                </tr>
                <tr class="row">
                  <td style="height: 48px;"></td>
                </tr>
                <tr class="row">
                  <td style="height: 48px;"></td>
                </tr>
                <tr class="row">
                  <td style="height: 48px;"></td>
                </tr>
                <tr class="row">
                  <td style="height: 48px;"></td>
                </tr>
                <tr class="row">
                  <td style="height: 48px;"></td>
                </tr>
                <tr class="row">
                  <td style="height: 48px;"></td>
                </tr>
                <tr class="row">
                  <td style="height: 48px;"></td>
                </tr>
                <tr class="row">
                  <td style="height: 48px;"></td>
                </tr>
                <tr class="row">
                  <td style="height: 48px;"></td>
                </tr>
                <tr class="row">
                  <td style="height: 48px;"></td>
                </tr>
                <tr class="row">
                  <td style="height: 48px;"></td>
                </tr>
                <tr class="row">
                  <td style="height: 48px;"></td>
                </tr>
                <tr class="row">
                  <td style="height: 48px;"></td>
                </tr>
                <tr class="row">
                  <td style="height: 48px;"></td>
                </tr>
                <tr class="row">
                  <td style="height: 48px;"></td>
                </tr>
                <tr class="row">
                  <td style="height: 48px;"></td>
                </tr>
                <tr class="row">
                  <td style="height: 48px;"></td>
                </tr>
                <tr class="row">
                  <td style="height: 48px;"></td>
                </tr>
                <tr class="row">
                  <td style="height: 48px;"></td>
                </tr>
                <tr class="row">
                  <td style="height: 48px;"></td>
                </tr>
                <tr class="row">
                  <td style="height: 48px;"></td>
                </tr>
                <tr class="row">
                  <td style="height: 48px;"></td>
                </tr>
                <tr class="row">
                  <td style="height: 48px;"></td>
                </tr>
                <tr class="row">
                  <td style="height: 48px;"></td>
                </tr>
                <tr class="row">
                  <td style="height: 48px;"></td>
                </tr>
                <tr class="row">
                  <td style="height: 48px;"></td>
                </tr>
                <tr class="row">
                  <td style="height: 48px;"></td>
                </tr>
                <tr class="row">
                  <td style="height: 48px;"></td>
                </tr>
                <tr class="row">
                  <td style="height: 48px;"></td>
                </tr>
                <tr class="row">
                  <td style="height: 48px;"></td>
                </tr>
                <tr class="row">
                  <td style="height: 48px;"></td>
                </tr>
                <tr class="row">
                  <td style="height: 48px;"></td>
                </tr>
                <tr class="row">
                  <td style="height: 48px;"></td>
                </tr>
                <tr class="row">
                  <td style="height: 48px;"></td>
                </tr>
                <tr class="row">
                  <td style="height: 48px;"></td>
                </tr>
                <tr class="row">
                  <td style="height: 48px;"></td>
                </tr>
                <tr class="row">
                  <td style="height: 48px;"></td>
                </tr>
                <tr class="row">
                  <td style="height: 48px;"></td>
                </tr>
                <tr class="row">
                  <td style="height: 48px;"></td>
                </tr>
                <tr class="row">
                  <td style="height: 48px;"></td>
                </tr>
                <tr class="row">
                  <td style="height: 48px;"></td>
                </tr>
                <tr class="row">
                  <td style="height: 48px;"></td>
                </tr>
                <tr class="row">
                  <td style="height: 48px;"></td>
                </tr>
                <tr class="row">
                  <td style="height: 48px;"></td>
                </tr>
                <tr class="row">
                  <td style="height: 48px;"></td>
                </tr>
                <tr class="row">
                  <td style="height: 48px;"></td>
                </tr>
                <tr class="row">
                  <td style="height: 48px;"></td>
                </tr>
                <tr class="row">
                  <td style="height: 48px;"></td>
                </tr>
                <tr class="row">
                  <td style="height: 48px;"></td>
                </tr>
                <tr class="row">
                  <td style="height: 48px;"></td>
                </tr>
                <tr class="row">
                  <td style="height: 48px;"></td>
                </tr>
                <tr class="row">
                  <td style="height: 48px;"></td>
                </tr>
                <tr class="row">
                  <td style="height: 48px;"></td>
                </tr>
                <tr class="row">
                  <td style="height: 48px;"></td>
                </tr>
                <tr class="row">
                  <td style="height: 48px;"></td>
                </tr>
                <tr class="row">
                  <td style="height: 48px;"></td>
                </tr>
                <tr class="row">
                  <td style="height: 48px;"></td>
                </tr>
                <tr class="row">
                  <td style="height: 48px;"></td>
                </tr>
                <tr class="row">
                  <td style="height: 48px;"></td>
                </tr>
                <tr class="row">
                  <td style="height: 48px;"></td>
                </tr>
                <tr class="row">
                  <td style="height: 48px;"></td>
                </tr>
                <tr class="row">
                  <td style="height: 48px;"></td>
                </tr>
                <tr class="row">
                  <td style="height: 48px;"></td>
                </tr>
                <tr class="row">
                  <td style="height: 48px;"></td>
                </tr>
                <tr class="row">
                  <td style="height: 48px;"></td>
                </tr>
                <tr class="row">
                  <td style="height: 48px;"></td>
                </tr>
                <tr class="row">
                  <td style="height: 48px;"></td>
                </tr>
                <tr class="row">
                  <td style="height: 48px;"></td>
                </tr>
                <tr class="row">
                  <td style="height: 48px;"></td>
                </tr>
                <tr class="row">
                  <td style="height: 48px;"></td>
                </tr>
                <tr class="row">
                  <td style="height: 48px;"></td>
                </tr>
                <tr class="row">
                  <td style="height: 48px;"></td>
                </tr>
                <tr class="row">
                  <td style="height: 48px;"></td>
                </tr>
                <tr class="row">
                  <td style="height: 48px;"></td>
                </tr>
                <tr class="row">
                  <td style="height: 48px;"></td>
                </tr>
                <tr class="row">
                  <td style="height: 48px;"></td>
                </tr>
                <tr class="row">
                  <td style="height: 48px;"></td>
                </tr>
                <tr class="row">
                  <td style="height: 48px;"></td>
                </tr>
                <tr class="row">
                  <td style="height: 48px;"></td>
                </tr>
                <tr class="row">
                  <td style="height: 48px;"></td>
                </tr>
                <tr class="row">
                  <td style="height: 48px;"></td>
                </tr>
                <tr class="row">
                  <td style="height: 48px;"></td>
                </tr>
                <tr class="row">
                  <td style="height: 48px;"></td>
                </tr>
                <tr class="row">
                  <td style="height: 48px;"></td>
                </tr>
                <tr class="row">
                  <td style="height: 48px;"></td>
                </tr>
                <tr class="row">
                  <td style="height: 48px;"></td>
                </tr>
                <tr class="row">
                  <td style="height: 48px;"></td>
                </tr>
                <tr class="row">
                  <td style="height: 48px;"></td>
                </tr>
                <tr class="row">
                  <td style="height: 48px;"></td>
                </tr>
                <tr class="row">
                  <td style="height: 48px;"></td>
                </tr>
                <tr class="row">
                  <td style="height: 48px;"></td>
                </tr>
                <tr class="row">
                  <td style="height: 48px;"></td>
                </tr>
                <tr class="row">
                  <td style="height: 48px;"></td>
                </tr>
                <tr class="row">
                  <td style="height: 48px;"></td>
                </tr>
                <tr class="row">
                  <td style="height: 48px;"></td>
                </tr>
                <tr class="row">
                  <td style="height: 48px;"></td>
                </tr>
                <tr class="row">
                  <td style="height: 48px;"></td>
                </tr>
                <tr class="row">
                  <td style="height: 48px;"></td>
                </tr>
                <tr class="row">
                  <td style="height: 48px;"></td>
                </tr>
                <tr class="row">
                  <td style="height: 48px;"></td>
                </tr>
                <tr class="row">
                  <td style="height: 48px;"></td>
                </tr>
                <tr class="row">
                  <td style="height: 48px;"></td>
                </tr>
                <tr class="row">
                  <td style="height: 48px;"></td>
                </tr>
                <tr class="row">
                  <td style="height: 48px;"></td>
                </tr>
                <tr class="row">
                  <td style="height: 48px;"></td>
                </tr>
                <tr class="row">
                  <td style="height: 48px;"></td>
                </tr>
                <tr class="row">
                  <td style="height: 48px;"></td>
                </tr>
                <tr class="row">
                  <td style="height: 48px;"></td>
                </tr>
                <tr class="row">
                  <td style="height: 48px;"></td>
                </tr>
                <tr class="row">
                  <td style="height: 48px;"></td>
                </tr>
                <tr class="row">
                  <td style="height: 48px;"></td>
                </tr>
                <tr class="row">
                  <td style="height: 48px;"></td>
                </tr>
                <tr class="row">
                  <td style="height: 48px;"></td>
                </tr>
                <tr class="row">
                  <td style="height: 48px;"></td>
                </tr>
                <tr class="row">
                  <td style="height: 48px;"></td>
                </tr>
                <tr class="row">
                  <td style="height: 48px;"></td>
                </tr>
                <tr class="row">
                  <td style="height: 48px;"></td>
                </tr>
                <tr class="row">
                  <td style="height: 48px;"></td>
                </tr>
                <tr class="row">
                  <td style="height: 48px;"></td>
                </tr>
                <tr class="row">
                  <td style="height: 48px;"></td>
                </tr>
                <tr class="row">
                  <td style="height: 48px;"></td>
                </tr>
                <tr class="row">
                  <td style="height: 48px;"></td>
                </tr>
                <tr class="row">
                  <td style="height: 48px;"></td>
                </tr>
                <tr class="row">
                  <td style="height: 48px;"></td>
                </tr>
                <tr class="row">
                  <td style="height: 48px;"></td>
                </tr>
                <tr class="row">
                  <td style="height: 48px;"></td>
                </tr>
                <tr class="row">
                  <td style="height: 48px;"></td>
                </tr>
                <tr class="row">
                  <td style="height: 48px;"></td>
                </tr>
                <tr class="row">
                  <td style="height: 48px;"></td>
                </tr>
                <tr class="row">
                  <td style="height: 48px;"></td>
                </tr>
                <tr class="row">
                  <td style="height: 48px;"></td>
                </tr>
                <tr class="row">
                  <td style="height: 48px;"></td>
                </tr>
                <tr class="row">
                  <td style="height: 48px;"></td>
                </tr>
                <tr class="row">
                  <td style="height: 48px;"></td>
                </tr>
                <tr class="row">
                  <td style="height: 48px;"></td>
                </tr>
                <tr class="row">
                  <td style="height: 48px;"></td>
                </tr>
                <tr class="row">
                  <td style="height: 48px;"></td>
                </tr>
                <tr class="row">
                  <td style="height: 48px;"></td>
                </tr>
                <tr class="row">
                  <td style="height: 48px;"></td>
                </tr>
                <tr class="row">
                  <td style="height: 48px;"></td>
                </tr>
                <tr class="row">
                  <td style="height: 48px;"></td>
                </tr>
                <tr class="row">
                  <td style="height: 48px;"></td>
                </tr>
                <tr class="row">
                  <td style="height: 48px;"></td>
                </tr>
                <tr class="row">
                  <td style="height: 48px;"></td>
                </tr>
                <tr class="row">
                  <td style="height: 48px;"></td>
                </tr>
                <tr class="row">
                  <td style="height: 48px;"></td>
                </tr>
                <tr class="row">
                  <td style="height: 48px;"></td>
                </tr>
                <tr class="row">
                  <td style="height: 48px;"></td>
                </tr>
                <tr class="row">
                  <td style="height: 48px;"></td>
                </tr>
                <tr class="row">
                  <td style="height: 48px;"></td>
                </tr>
                <tr class="row">
                  <td style="height: 48px;"></td>
                </tr>
                <tr class="row">
                  <td style="height: 48px;"></td>
                </tr>
                <tr class="row">
                  <td style="height: 48px;"></td>
                </tr>
                <tr class="row">
                  <td style="height: 48px;"></td>
                </tr>
                <tr class="row">
                  <td style="height: 48px;"></td>
                </tr>
                <tr class="row">
                  <td style="height: 48px;"></td>
                </tr>
                <tr class="row">
                  <td style="height: 48px;"></td>
                </tr>
                <tr class="row">
                  <td style="height: 48px;"></td>
                </tr>
                <tr class="row">
                  <td style="height: 48px;"></td>
                </tr>
                <tr class="row">
                  <td style="height: 48px;"></td>
                </tr>
                <tr class="row">
                  <td style="height: 48px;"></td>
                </tr>
                <tr class="row">
                  <td style="height: 48px;"></td>
                </tr>
                <tr class="row">
                  <td style="height: 48px;"></td>
                </tr>
                <tr class="row">
                  <td style="height: 48px;"></td>
                </tr>
                <tr class="row">
                  <td style="height: 48px;"></td>
                </tr>
                <tr class="row">
                  <td style="height: 48px;"></td>
                </tr>
                <tr class="row">
                  <td style="height: 48px;"></td>
                </tr>
                <tr class="row">
                  <td style="height: 48px;"></td>
                </tr>
                <tr class="row">
                  <td style="height: 48px;"></td>
                </tr>
                <tr class="row">
                  <td style="height: 48px;"></td>
                </tr>
                <tr class="row">
                  <td style="height: 48px;"></td>
                </tr>
                <tr class="row">
                  <td style="height: 48px;"></td>
                </tr>
                <tr class="row">
                  <td style="height: 48px;"></td>
                </tr>
                <tr class="row">
                  <td style="height: 48px;"></td>
                </tr>
                <tr class="row">
                  <td style="height: 48px;"></td>
                </tr>
                <tr class="row">
                  <td style="height: 48px;"></td>
                </tr>
                <tr class="row">
                  <td style="height: 48px;"></td>
                </tr>
                <tr class="row">
                  <td style="height: 48px;"></td>
                </tr>
                <tr class="row">
                  <td style="height: 48px;"></td>
                </tr>
                <tr class="row">
                  <td style="height: 48px;"></td>
                </tr>
                <tr class="row">
                  <td style="height: 48px;"></td>
                </tr>
                <tr class="row">
                  <td style="height: 48px;"></td>
                </tr>
                <tr class="row">
                  <td style="height: 48px;"></td>
                </tr>
                <tr class="row">
                  <td style="height: 48px;"></td>
                </tr>
                <tr class="row">
                  <td style="height: 48px;"></td>
                </tr>
                <tr class="row">
                  <td style="height: 48px;"></td>
                </tr>
                <tr class="row">
                  <td style="height: 48px;"></td>
                </tr>
                <tr class="row">
                  <td style="height: 48px;"></td>
                </tr>
                <tr class="row">
                  <td style="height: 48px;"></td>
                </tr>
                <tr class="row">
                  <td style="height: 48px;"></td>
                </tr>
                <tr class="row">
                  <td style="height: 48px;"></td>
                </tr>
                <tr class="row">
                  <td style="height: 48px;"></td>
                </tr>
                <tr class="row">
                  <td style="height: 48px;"></td>
                </tr>
                <tr class="row">
                  <td style="height: 48px;"></td>
                </tr>
                <tr class="row">
                  <td style="height: 48px;"></td>
                </tr>
                <tr class="row">
                  <td style="height: 48px;"></td>
                </tr>
                <tr class="row">
                  <td style="height: 48px;"></td>
                </tr>
                <tr class="row">
                  <td style="height: 48px;"></td>
                </tr>
                <tr class="row">
                  <td style="height: 48px;"></td>
                </tr>
                <tr class="row">
                  <td style="height: 48px;"></td>
                </tr>
                <tr class="row">
                  <td style="height: 48px;"></td>
                </tr>
                <tr class="row">
                  <td style="height: 48px;"></td>
                </tr>
                <tr class="row">
                  <td style="height: 48px;"></td>
                </tr>
                <tr class="row">
                  <td style="height: 48px;"></td>
                </tr>
                <tr class="row">
                  <td style="height: 48px;"></td>
                </tr>
                <tr class="row">
                  <td style="height: 48px;"></td>
                </tr>
                <tr class="row">
                  <td style="height: 48px;"></td>
                </tr>
                <tr class="row">
                  <td style="height: 48px;"></td>
                </tr>
                <tr class="row">
                  <td style="height: 48px;"></td>
                </tr>
                <tr class="row">
                  <td style="height: 48px;"></td>
                </tr>
                <tr class="row">
                  <td style="height: 48px;"></td>
                </tr>
                <tr class="row">
                  <td style="height: 48px;"></td>
                </tr>
                <tr class="row">
                  <td style="height: 48px;"></td>
                </tr>
                <tr class="row">
                  <td style="height: 48px;"></td>
                </tr>
                <tr class="row">
                  <td style="height: 48px;"></td>
                </tr>
                <tr class="row">
                  <td style="height: 48px;"></td>
                </tr>
                <tr class="row">
                  <td style="height: 48px;"></td>
                </tr>
                <tr class="row">
                  <td style="height: 48px;"></td>
                </tr>
                <tr class="row">
                  <td style="height: 48px;"></td>
                </tr>
                <tr class="row">
                  <td style="height: 48px;"></td>
                </tr>
                <tr class="row">
                  <td style="height: 48px;"></td>
                </tr>
                <tr class="row">
                  <td style="height: 48px;"></td>
                </tr>
                <tr class="row">
                  <td style="height: 48px;"></td>
                </tr>
                <tr class="row">
                  <td style="height: 48px;"></td>
                </tr>
                <tr class="row">
                  <td style="height: 48px;"></td>
                </tr>
                <tr class="row">
                  <td style="height: 48px;"></td>
                </tr>
                <tr class="row">
                  <td style="height: 48px;"></td>
                </tr>
                <tr class="row">
                  <td style="height: 48px;"></td>
                </tr>
                <tr class="row">
                  <td style="height: 48px;"></td>
                </tr>
                <tr class="row">
                  <td style="height: 48px;"></td>
                </tr>
                <tr class="row">
                  <td style="height: 48px;"></td>
                </tr>
                <tr class="row">
                  <td style="height: 48px;"></td>
                </tr>
                <tr class="row">
                  <td style="height: 48px;"></td>
                </tr>
                <tr class="row">
                  <td style="height: 48px;"></td>
                </tr>
                <tr class="row">
                  <td style="height: 48px;"></td>
                </tr>
                <tr class="row">
                  <td style="height: 48px;"></td>
                </tr>
                <tr class="row">
                  <td style="height: 48px;"></td>
                </tr>
                <tr class="row">
                  <td style="height: 48px;"></td>
                </tr>
                <tr class="row">
                  <td style="height: 48px;"></td>
                </tr>
                <tr class="row">
                  <td style="height: 48px;"></td>
                </tr>
                <tr class="row">
                  <td style="height: 48px;"></td>
                </tr>
                <tr class="row">
                  <td style="height: 48px;"></td>
                </tr>
                <tr class="row">
                  <td style="height: 48px;"></td>
                </tr>
                <tr class="row">
                  <td style="height: 48px;"></td>
                </tr>
                <tr class="row">
                  <td style="height: 48px;"></td>
                </tr>
                <tr class="row">
                  <td style="height: 48px;"></td>
                </tr>
                <tr class="row">
                  <td style="height: 48px;"></td>
                </tr>
                <tr class="row">
                  <td style="height: 48px;"></td>
                </tr>
                <tr class="row">
                  <td style="height: 48px;"></td>
                </tr>
                <tr class="row">
                  <td style="height: 48px;"></td>
                </tr>
                <tr class="row">
                  <td style="height: 48px;"></td>
                </tr>
                <tr class="row">
                  <td style="height: 48px;"></td>
                </tr>
                <tr class="row">
                  <td style="height: 48px;"></td>
                </tr>
                <tr class="row">
                  <td style="height: 48px;"></td>
                </tr>
                <tr class="row">
                  <td style="height: 48px;"></td>
                </tr>
                <tr class="row">
                  <td style="height: 48px;"></td>
                </tr>
                <tr class="row">
                  <td style="height: 48px;"></td>
                </tr>
                <tr class="row">
                  <td style="height: 48px;"></td>
                </tr>
                <tr class="row">
                  <td style="height: 48px;"></td>
                </tr>
                <tr class="row">
                  <td style="height: 48px;"></td>
                </tr>
                <tr class="row">
                  <td style="height: 48px;"></td>
                </tr>
                <tr class="row">
                  <td style="height: 48px;"></td>
                </tr>
                <tr class="row">
                  <td style="height: 48px;"></td>
                </tr>
                <tr class="row">
                  <td style="height: 48px;"></td>
                </tr>
                <tr class="row">
                  <td style="height: 48px;"></td>
                </tr>
                <tr class="row">
                  <td style="height: 48px;"></td>
                </tr>
                <tr class="row">
                  <td style="height: 48px;"></td>
                </tr>
                <tr class="row">
                  <td style="height: 48px;"></td>
                </tr>
                <tr class="row">
                  <td style="height: 48px;"></td>
                </tr>
                <tr class="row">
                  <td style="height: 48px;"></td>
                </tr>
                <tr class="row">
                  <td style="height: 48px;"></td>
                </tr>
                <tr class="row">
                  <td style="height: 48px;"></td>
                </tr>
                <tr class="row">
                  <td style="height: 48px;"></td>
                </tr>
                <tr class="row">
                  <td style="height: 48px;"></td>
                </tr>
                <tr class="row">
                  <td style="height: 48px;"></td>
                </tr>
                <tr class="row">
                  <td style="height: 48px;"></td>
                </tr>
                <tr class="row">
                  <td style="height: 48px;"></td>
                </tr>
                <tr class="row">
                  <td style="height: 48px;"></td>
                </tr>
                <tr class="row">
                  <td style="height: 48px;"></td>
                </tr>
                <tr class="row">
                  <td style="height: 48px;"></td>
                </tr>
                <tr class="row">
                  <td style="height: 48px;"></td>
                </tr>
                <tr class="row">
                  <td style="height: 48px;"></td>
                </tr>
                <tr class="row">
                  <td style="height: 48px;"></td>
                </tr>
                <tr class="row">
                  <td style="height: 48px;"></td>
                </tr>
                <tr class="row">
                  <td style="height: 48px;"></td>
                </tr>
                <tr class="row">
                  <td style="height: 48px;"></td>
                </tr>
                <tr class="row">
                  <td style="height: 48px;"></td>
                </tr>
                <tr class="row">
                  <td style="height: 48px;"></td>
                </tr>
                <tr class="row">
                  <td style="height: 48px;"></td>
                </tr>
                <tr class="row">
                  <td style="height: 48px;"></td>
                </tr>
                <tr class="row">
                  <td style="height: 48px;"></td>
                </tr>
                <tr class="row">
                  <td style="height: 48px;"></td>
                </tr>
                <tr class="row">
                  <td style="height: 48px;"></td>
                </tr>
                <tr class="row">
                  <td style="height: 48px;"></td>
                </tr>
                <tr class="row">
                  <td style="height: 48px;"></td>
                </tr>
                <tr class="row">
                  <td style="height: 48px;"></td>
                </tr>
                <tr class="row">
                  <td style="height: 48px;"></td>
                </tr>
                <tr class="row">
                  <td style="height: 48px;"></td>
                </tr>
                <tr class="row">
                  <td style="height: 48px;"></td>
                </tr>
                <tr class="row">
                  <td style="height: 48px;"></td>
                </tr>
                <tr class="row">
                  <td style="height: 48px;"></td>
                </tr>
                <tr class="row">
                  <td style="height: 48px;"></td>
                </tr>
                <tr class="row">
                  <td style="height: 48px;"></td>
                </tr>
                <tr class="row">
                  <td style="height: 48px;"></td>
                </tr>
                <tr class="row">
                  <td style="height: 48px;"></td>
                </tr>
                <tr class="row">
                  <td style="height: 48px;"></td>
                </tr>
                <tr class="row">
                  <td style="height: 48px;"></td>
                </tr>
                <tr class="row">
                  <td style="height: 48px;"></td>
                </tr>
                <tr class="row">
                  <td style="height: 48px;"></td>
                </tr>
                <tr class="row">
                  <td style="height: 48px;"></td>
                </tr>
                <tr class="row">
                  <td style="height: 48px;"></td>
                </tr>
                <tr class="row">
                  <td style="height: 48px;"></td>
                </tr>
                <tr class="row">
                  <td style="height: 48px;"></td>
                </tr>
                <tr class="row">
                  <td style="height: 48px;"></td>
                </tr>
                <tr class="row">
                  <td style="height: 48px;"></td>
                </tr>
                <tr class="row">
                  <td style="height: 48px;"></td>
                </tr>
                <tr class="row">
                  <td style="height: 48px;"></td>
                </tr>
                <tr class="row">
                  <td style="height: 48px;"></td>
                </tr>
                <tr class="row">
                  <td style="height: 48px;"></td>
                </tr>
                <tr class="row">
                  <td style="height: 48px;"></td>
                </tr>
                <tr class="row">
                  <td style="height: 48px;"></td>
                </tr>
                <tr class="row">
                  <td style="height: 48px;"></td>
                </tr>
                <tr class="row">
                  <td style="height: 48px;"></td>
                </tr>
                <tr class="row">
                  <td style="height: 48px;"></td>
                </tr>
                <tr class="row">
                  <td style="height: 48px;"></td>
                </tr>
                <tr class="row">
                  <td style="height: 48px;"></td>
                </tr>
                <tr class="row">
                  <td style="height: 48px;"></td>
                </tr>
                <tr class="row">
                  <td style="height: 48px;"></td>
                </tr>
                <tr class="row">
                  <td style="height: 48px;"></td>
                </tr>
                <tr class="row">
                  <td style="height: 48px;"></td>
                </tr>
                <tr class="row">
                  <td style="height: 48px;"></td>
                </tr>
                <tr class="row">
                  <td style="height: 48px;"></td>
                </tr>
                <tr class="row">
                  <td style="height: 48px;"></td>
                </tr>
                <tr class="row">
                  <td style="height: 48px;"></td>
                </tr>
                <tr class="row">
                  <td style="height: 48px;"></td>
                </tr>
                <tr class="row">
                  <td style="height: 48px;"></td>
                </tr>
                <tr class="row">
                  <td style="height: 48px;"></td>
                </tr>
                <tr class="row">
                  <td style="height: 48px;"></td>
                </tr>
                <tr class="row">
                  <td style="height: 48px;"></td>
                </tr>
                <tr class="row">
                  <td style="height: 48px;"></td>
                </tr>
                <tr class="row">
                  <td style="height: 48px;"></td>
                </tr>
              </tbody>
            </table>
          </div>
        </div>
      </div>
    </div>
  </div>
  <div class="root" style="display: none;">
    <div class="line" style="display: none;"></div>
    <div class="mask" style="display: none;"></div>
  </div>
  <div>
    <div style="display: none;">
    </div>
    <div style="display: none;">
    </div>
    <div style="display: none;">
    </div>
    <div style="display: none;">
    </div>
  </div>
</div>
`;
