// Vitest Snapshot v1, https://vitest.dev/guide/snapshot.html

exports[`renders demo correctly 1`] = `
<div>
  <div>
    <div vusion-disabled-duplicate="true" vusion-disabled-copy="true" class="van-process-button__wrap"><span class="van-popover__wrapper"><div class="van-process-button__more">更多</div></span>
      <div class="van-process-button__operation"><button class="van-button van-button--default van-button--normal van-button--round">
          <div class="van-button__content"><span class="van-button__text">同意</span></div>
        </button><button class="van-button van-button--info van-button--normal van-button--round">
          <div class="van-button__content"><span class="van-button__text">提交</span></div>
        </button></div><a vusion-slot-name-edit="text" target="_self" tabindex="0" hovertype="underline" class="root van-process-button__link">
        <!---->
        <!----></a>
      <!---->
    </div>
  </div>
</div>
`;
