// Vitest Snapshot v1, https://vitest.dev/guide/snapshot.html

exports[`renders demo correctly 1`] = `
<div>
  <div>
    <div noallow="" role="button" tabindex="0" class="van-cell van-cell--clickable van-cell--center">
      <div vusion-slot-name="title" vusion-slot-name-edit="title" class="van-cell__title">展示弹出层</div><i class="van-icon van-icon-arrow van-cell__right-icon">
        <!----></i>
    </div>
    <!---->
  </div>
  <div>
    <div noallow="" role="button" tabindex="0" class="van-cell van-cell--clickable van-cell--center">
      <div vusion-slot-name="title" vusion-slot-name-edit="title" class="van-cell__title">展示弹出层</div><i class="van-icon van-icon-arrow van-cell__right-icon">
        <!----></i>
    </div>
    <!---->
  </div>
  <div>
    <div noallow="" role="button" tabindex="0" class="van-cell van-cell--clickable van-cell--center">
      <div vusion-slot-name="title" vusion-slot-name-edit="title" class="van-cell__title">顶部弹出</div><i class="van-icon van-icon-arrow van-cell__right-icon">
        <!----></i>
    </div>
    <div noallow="" role="button" tabindex="0" class="van-cell van-cell--clickable van-cell--center">
      <div vusion-slot-name="title" vusion-slot-name-edit="title" class="van-cell__title">底部弹出</div><i class="van-icon van-icon-arrow van-cell__right-icon">
        <!----></i>
    </div>
    <div noallow="" role="button" tabindex="0" class="van-cell van-cell--clickable van-cell--center">
      <div vusion-slot-name="title" vusion-slot-name-edit="title" class="van-cell__title">左侧弹出</div><i class="van-icon van-icon-arrow van-cell__right-icon">
        <!----></i>
    </div>
    <div noallow="" role="button" tabindex="0" class="van-cell van-cell--clickable van-cell--center">
      <div vusion-slot-name="title" vusion-slot-name-edit="title" class="van-cell__title">右侧弹出</div><i class="van-icon van-icon-arrow van-cell__right-icon">
        <!----></i>
    </div>
    <!---->
    <!---->
    <!---->
    <!---->
  </div>
  <div>
    <div noallow="" role="button" tabindex="0" class="van-cell van-cell--clickable van-cell--center">
      <div vusion-slot-name="title" vusion-slot-name-edit="title" class="van-cell__title">关闭图标</div><i class="van-icon van-icon-arrow van-cell__right-icon">
        <!----></i>
    </div>
    <div noallow="" role="button" tabindex="0" class="van-cell van-cell--clickable van-cell--center">
      <div vusion-slot-name="title" vusion-slot-name-edit="title" class="van-cell__title">自定义图标</div><i class="van-icon van-icon-arrow van-cell__right-icon">
        <!----></i>
    </div>
    <div noallow="" role="button" tabindex="0" class="van-cell van-cell--clickable van-cell--center">
      <div vusion-slot-name="title" vusion-slot-name-edit="title" class="van-cell__title">图标位置</div><i class="van-icon van-icon-arrow van-cell__right-icon">
        <!----></i>
    </div>
    <!---->
    <!---->
    <!---->
  </div>
  <div>
    <div noallow="" role="button" tabindex="0" class="van-cell van-cell--clickable van-cell--center">
      <div vusion-slot-name="title" vusion-slot-name-edit="title" class="van-cell__title">圆角弹窗</div><i class="van-icon van-icon-arrow van-cell__right-icon">
        <!----></i>
    </div>
    <!---->
  </div>
  <div>
    <div noallow="" role="button" tabindex="0" class="van-cell van-cell--clickable van-cell--center">
      <div vusion-slot-name="title" vusion-slot-name-edit="title" class="van-cell__title">指定挂载节点</div><i class="van-icon van-icon-arrow van-cell__right-icon">
        <!----></i>
    </div>
  </div>
</div>
`;
