// Vitest Snapshot v1, https://vitest.dev/guide/snapshot.html

exports[`renders demo correctly 1`] = `
<div>
  <div>
    <div class="van-swipe" style="height: 300px;">
      <div class="van-swipe__track" style="transition-duration: 0ms; transform: translateX(0px);">
        <div class="van-swipe-item"> 1 </div>
        <div class="van-swipe-item"> 2 </div>
        <div class="van-swipe-item"> 3 </div>
        <div class="van-swipe-item"> 4 </div>
        <div class="van-swipe-item"> 5 </div>
        <div class="van-swipe-item"> 6 </div>
      </div>
      <div class="van-swipe__indicators"><i index="0" class="van-swipe__indicator van-swipe__indicator--active"></i><i index="1" class="van-swipe__indicator"></i><i index="2" class="van-swipe__indicator"></i><i index="3" class="van-swipe__indicator"></i><i index="4" class="van-swipe__indicator"></i><i index="5" class="van-swipe__indicator"></i></div>
    </div>
  </div>
  <div>
    <div class="van-swipe" style="height: 300px;">
      <div class="van-swipe__track" style="transition-duration: 0ms; transform: translateX(0px);">
        <div class="van-swipe-item">1</div>
        <div class="van-swipe-item">2</div>
        <div class="van-swipe-item">3</div>
        <div class="van-swipe-item">4</div>
      </div>
      <div class="van-swipe__indicators"><i index="0" class="van-swipe__indicator van-swipe__indicator--active"></i><i index="1" class="van-swipe__indicator"></i><i index="2" class="van-swipe__indicator"></i><i index="3" class="van-swipe__indicator"></i></div>
    </div>
  </div>
</div>
`;
