// Vitest Snapshot v1, https://vitest.dev/guide/snapshot.html

exports[`renders demo correctly 1`] = `
<div>
  <div>
    <div>pickerValue: [
      "32001111100"
      ]</div>
    <div vusion-click-enabled="true" class="van-pickerson__wrap">
      <div label-layout="inline" noallow="" class="van-cellson van-cellson--center van-cellson--insel van-field">
        <div vusion-slot-name="title" class="van-cellson__title van-field__label van-field__labelhasslots"><span vusion-slot-name-edit="text" class="root">标题</span></div>
        <div class="van-cellson__value van-field__value">
          <div class="van-field__body"><input type="text" readonly="readonly" placeholder="请选择" class="van-field__control van-field__control--right"></div>
        </div>
      </div>
    </div>
  </div><button class="van-button van-button--default van-button--normal van-button--square">
    <div class="van-button__content"><span class="van-button__text">reload</span></div>
  </button>
  <div>
    <div vusion-click-enabled="true" class="van-pickerson__wrap">
      <div label-layout="inline" noallow="" class="van-cellson van-cellson--center van-cellson--insel van-field">
        <div vusion-slot-name="title" class="van-cellson__title van-field__label van-field__labelhasslots"><span vusion-slot-name-edit="text" class="root">标题</span></div>
        <div class="van-cellson__value van-field__value">
          <div class="van-field__body"><input type="text" readonly="readonly" placeholder="请选择" class="van-field__control van-field__control--right"></div>
        </div>
      </div>
    </div>
  </div>
  <div>
    <div vusion-click-enabled="true" class="van-pickerson__wrap">
      <div label-layout="inline" noallow="" class="van-cellson van-cellson--center van-cellson--insel van-field">
        <div vusion-slot-name="title" class="van-cellson__title van-field__label van-field__labelhasslots"><span vusion-slot-name-edit="text" class="root">标题</span></div>
        <div class="van-cellson__value van-field__value">
          <div class="van-field__body"><input type="text" readonly="readonly" placeholder="请选择" class="van-field__control van-field__control--right"></div>
        </div>
      </div>
    </div>
  </div>
  <div>
    <div vusion-click-enabled="true" class="van-pickerson__wrap">
      <div label-layout="inline" noallow="" class="van-cellson van-cellson--center van-cellson--insel van-field van-field--disabled">
        <div vusion-slot-name="title" class="van-cellson__title van-field__label van-field__labelhasslots"><span vusion-slot-name-edit="text" class="root">标题</span></div>
        <div class="van-cellson__value van-field__value">
          <div class="van-field__body"><input type="text" disabled="disabled" readonly="readonly" placeholder="请选择" class="van-field__control van-field__control--right"></div>
        </div>
      </div>
    </div>
  </div>
  <div>
    <div vusion-click-enabled="true" class="van-pickerson__wrap">
      <div label-layout="inline" noallow="" class="van-cellson van-cellson--center van-cellson--insel van-field">
        <div vusion-slot-name="title" class="van-cellson__title van-field__label van-field__labelhasslots"><span vusion-slot-name-edit="text" class="root">标题</span></div>
        <div class="van-cellson__value van-field__value">
          <div class="van-field__body"><input type="text" readonly="readonly" class="van-field__control van-field__control--right"></div>
        </div>
      </div>
    </div>
  </div>
  <div>
    <div vusion-click-enabled="true" class="van-pickerson__wrap">
      <div label-layout="inline" noallow="" class="van-cellson van-cellson--center van-cellson--insel van-field">
        <div vusion-slot-name="title" class="van-cellson__title van-field__label van-field__labelhasslots"><span vusion-slot-name-edit="text" class="root">标题</span></div>
        <div class="van-cellson__value van-field__value">
          <div class="van-field__body"><input type="text" readonly="readonly" placeholder="请选择" class="van-field__control van-field__control--right"></div>
        </div>
      </div>
    </div>
  </div>
  <div>
    <div vusion-click-enabled="true" class="van-pickerson__wrap">
      <div label-layout="inline" noallow="" class="van-cellson van-cellson--center van-cellson--insel van-field">
        <div vusion-slot-name="title" class="van-cellson__title van-field__label van-field__labelhasslots"><span vusion-slot-name-edit="text" class="root">标题</span></div>
        <div class="van-cellson__value van-field__value">
          <div class="van-field__body"><input type="text" readonly="readonly" placeholder="请选择" class="van-field__control van-field__control--left"></div>
        </div>
      </div>
    </div>
  </div>
</div>
`;
