// Vitest Snapshot v1, https://vitest.dev/guide/snapshot.html

exports[`renders demo correctly 1`] = `
<div>
  <div>
    <div class="van-fieldtextarea__newwrap">
      <div class="van-fieldtextarea__wrap-con"><span class="van-fieldtextarea__control van-fieldtextarea__control--min-height">我是多行输入我是多行输入我是多行输入我是多行输入我输入我是多行输入我是多行输入我是多行输入我是多行输入我是多行输入我是多行输入我是多行输入我是多行输入我是多行输入我是多行输入我是多行输入我是多行输入我是多行输入我是多行输入我是多行输入我是多行输入我输入我是多行输入我是多行输入我是多行输入我是多行输入我是多行输入我是多行输入我是多行输入我是多行输入我是多行输入我是多行输入我是多行输入我是多行输入我是多行输入我是多行输入我是多行输入我是多行输入我输入我是多行输入我是多行输入我是多行输入我是多行输入我是多行输入我是多行输入我是多行输入我是多行输入我是多行输入我是多行输入我是多行输入我是多行输入我是多行输入我是多行输入我是多行输入我是多行输入我输入我是多行输入我是多行输入我是多行输入我是多行输入我是多行输入我是多行输入我是多行输入我是多行输入我是多行输入我是多行输入我是多行输入我是多行输入我是多行输入我是多行输入我是多行输入我是多行输入我输入我是多行输入我是多行输入我是多行输入我是多行输入我是多行输入我是多行输入我是多行输入我是多行输入我是多行输入我是多行输入我是多行输入我是多行输入</span></div>
    </div>
  </div>
  <div>
    <div class="van-fieldtextarea__newwrap van-fieldtextarea__newwrap--limit" style="background-color: bisque;">
      <div class="van-fieldtextarea__wrap-con"><textarea role="fieldtextarea" placeholder="" class="van-fieldtextarea__control van-fieldtextarea__control--min-height"></textarea></div>
      <div class="van-fieldtextarea__word-limit"><span class="van-fieldtextarea__word-num">300</span>/300</div>
    </div>
  </div>
  <div>
    <div class="van-fieldtextarea__newwrap van-fieldtextarea__newwrap--limit" style="background-color: bisque;">
      <div class="van-fieldtextarea__wrap-con"><textarea role="fieldtextarea" placeholder="" class="van-fieldtextarea__control" style="height: auto;"></textarea></div>
      <div class="van-fieldtextarea__word-limit"><span class="van-fieldtextarea__word-num">300</span>/300</div>
    </div>
  </div>
  <div>
    <div class="van-fieldtextarea__newwrap van-fieldtextarea__newwrap--limit" style="background-color: bisque;">
      <div class="van-fieldtextarea__wrap-con"><textarea role="fieldtextarea" placeholder="" class="van-fieldtextarea__control" style="height: 100px;"></textarea></div>
      <div class="van-fieldtextarea__word-limit"><span class="van-fieldtextarea__word-num">300</span>/300</div>
    </div>
  </div>
  <div>
    <div class="van-fieldtextarea__newwrap van-fieldtextarea__newwrap--limit" style="background-color: bisque; height: 150px;">
      <div class="van-fieldtextarea__wrap-con"><textarea role="fieldtextarea" placeholder="" class="van-fieldtextarea__control van-fieldtextarea__control--min-height"></textarea></div>
      <div class="van-fieldtextarea__word-limit"><span class="van-fieldtextarea__word-num">300</span>/300</div>
    </div>
  </div>
</div>
`;
