// Vitest Snapshot v1, https://vitest.dev/guide/snapshot.html

exports[`renders demo correctly 1`] = `
<div>
  <div>
    <van-sticky><button class="van-button van-button--primary van-button--normal van-button--square" style="margin-left: 15px;">
        <div class="van-button__content"><span class="van-button__text"> 基础用法 </span></div>
      </button></van-sticky>
  </div>
  <div>
    <van-sticky offset-top="50"><button class="van-button van-button--info van-button--normal van-button--square" style="margin-left: 115px;">
        <div class="van-button__content"><span class="van-button__text"> 吸顶距离 </span></div>
      </button></van-sticky>
  </div>
  <div>
    <div style="height: 150px; background-color: rgb(255, 255, 255);">
      <van-sticky container="[object HTMLDivElement]"><button class="van-button van-button--warning van-button--normal van-button--square" style="margin-left: 215px;">
          <div class="van-button__content"><span class="van-button__text"> 指定容器 </span></div>
        </button></van-sticky>
    </div>
  </div>
</div>
`;
